// Jest Snapshot v1, https://goo.gl/fbAQLP

exports[`Pruebas en <GifItem /> debe de hacer match con el snapshot 1`] = `
<div>
  <div
    class="card"
  >
    <img
      alt="Dragon Ball"
      src="https://giphy.com/gifs/11TkuRl1Ff32ak"
    />
    <p>
      Dragon Ball
    </p>
  </div>
</div>
`;
